// Jest Snapshot v1, https://goo.gl/fbAQLP

exports[`renders the Dishes correctly 1`] = `<Dishes />`;
